<?xml version="1.0" encoding="UTF-8"?>
<db:article xmlns:db="http://docbook.org/ns/docbook" xmlns:xlink="http://www.w3.org/1999/xlink" version="5.2" xml:lang="en">
<db:info>
<db:title></db:title>
<db:productname>HeaderFile</db:productname>
<db:titleabbrev>HeaderFile Reference Documentation</db:titleabbrev>
<db:abstract>
<db:para>A header file.</db:para>
</db:abstract>
</db:info>
<db:variablelist>
<db:varlistentry>
<db:term>Header</db:term>
<db:listitem>
<db:para>TestHeader</db:para>
</db:listitem>
</db:varlistentry>
</db:variablelist>
<db:section xml:id="details">
<db:title>Detailed Description</db:title>
</db:section>
</db:article>
